// Jest Snapshot v1, https://goo.gl/fbAQLP

exports[`CitiesList correctly renders 1`] = `
<section
  className="locations container"
>
  <ul
    className="locations__list tabs__list"
  >
    <li
      className="locations__item"
      onClick={[Function]}
    >
      <a
        className="locations__item-link tabs__item tabs__item--active"
      >
        <span>
          Citie 1
        </span>
      </a>
    </li>
    <li
      className="locations__item"
      onClick={[Function]}
    >
      <a
        className="locations__item-link tabs__item"
      >
        <span>
          Citie 2
        </span>
      </a>
    </li>
    <li
      className="locations__item"
      onClick={[Function]}
    >
      <a
        className="locations__item-link tabs__item"
      >
        <span>
          Citie 3
        </span>
      </a>
    </li>
    <li
      className="locations__item"
      onClick={[Function]}
    >
      <a
        className="locations__item-link tabs__item"
      >
        <span>
          Citie 4
        </span>
      </a>
    </li>
  </ul>
</section>
`;
