// Jest Snapshot v1, https://goo.gl/fbAQLP

exports[`App correctly renders after relaunch 1`] = `
<section
  className="locations container"
>
  <ul
    className="locations__list tabs__list"
  >
    <li
      className="locations__item"
      onClick={[Function]}
    >
      <a
        className="locations__item-link tabs__item"
        href="#"
      >
        <span />
      </a>
    </li>
    <li
      className="locations__item"
      onClick={[Function]}
    >
      <a
        className="locations__item-link tabs__item"
        href="#"
      >
        <span />
      </a>
    </li>
    <li
      className="locations__item"
      onClick={[Function]}
    >
      <a
        className="locations__item-link tabs__item"
        href="#"
      >
        <span />
      </a>
    </li>
    <li
      className="locations__item"
      onClick={[Function]}
    >
      <a
        className="locations__item-link tabs__item"
        href="#"
      >
        <span />
      </a>
    </li>
  </ul>
</section>
`;
